
> frontend@0.0.0 build
> tsc -b && vite build

[36mvite v8.0.8 [32mbuilding client environment for production...[36m[39m
[2K
transforming...Γ£ô 11715 modules transformed.
rendering chunks...
computing gzip size...
dist/index.html                   0.45 kB Γöé gzip:   0.29 kB
dist/assets/index-U0WWdDit.css    1.69 kB Γöé gzip:   0.75 kB
dist/assets/index-DF_RRRL7.js   569.12 kB Γöé gzip: 178.01 kB

[32mΓ£ô built in 3.13s[39m
[plugin builtin:vite-reporter] 
(!) Some chunks are larger than 500 kB after minification. Consider:
- Using dynamic import() to code-split the application
- Use build.rolldownOptions.output.codeSplitting to improve chunking: https://rolldown.rs/reference/OutputOptions.codeSplitting
- Adjust chunk size limit for this warning via build.chunkSizeWarningLimit.
